Microchip MPLAB XC8 Compiler V1.35 ()

Linker command line:

--edf=C:\Program Files (x86)\Microchip\xc8\v1.35\dat\en_msgs.txt -cs \
  -h+dist/default/production\LIQUID_LEVEL_DISPLAY.X.production.sym \
  --cmf=dist/default/production\LIQUID_LEVEL_DISPLAY.X.production.cmf -z \
  -Q16F1503 -oC:\Users\niranjan\AppData\Local\Temp\s4b8.2 \
  -Mdist/default/production/LIQUID_LEVEL_DISPLAY.X.production.map -E1 \
  -ver=XC8 -ASTACK=0203Fh-0206fh -pstack=STACK -ACODE=00h-07FFh \
  -ASTRCODE=00h-07FFh -ASTRING=00h-0FFhx8 -ACONST=00h-0FFhx8 \
  -AENTRY=00h-0FFhx8 -ACOMMON=070h-07Fh -ABANK0=020h-06Fh -ABANK1=0A0h-0BFh \
  -ABIGRAM=02000h-0206Fh -ARAM=020h-06Fh,0A0h-0BFh \
  -AABS1=020h-07Fh,0A0h-0BFh -ASFR0=00h-01Fh -ASFR1=080h-09Fh \
  -ASFR2=0100h-016Fh -ASFR3=0180h-01EFh -ASFR4=0200h-026Fh \
  -ASFR5=0280h-02EFh -ASFR6=0300h-036Fh -ASFR7=0380h-03EFh \
  -ASFR8=0400h-046Fh -ASFR9=0480h-04EFh -ASFR10=0500h-056Fh \
  -ASFR11=0580h-05EFh -ASFR12=0600h-066Fh -ASFR13=0680h-06EFh \
  -ASFR14=0700h-076Fh -ASFR15=0780h-07EFh -ASFR16=0800h-086Fh \
  -ASFR17=0880h-08EFh -ASFR18=0900h-096Fh -ASFR19=0980h-09EFh \
  -ASFR20=0A00h-0A6Fh -ASFR21=0A80h-0AEFh -ASFR22=0B00h-0B6Fh \
  -ASFR23=0B80h-0BEFh -ASFR24=0C00h-0C6Fh -ASFR25=0C80h-0CEFh \
  -ASFR26=0D00h-0D6Fh -ASFR27=0D80h-0DEFh -ASFR28=0E00h-0E6Fh \
  -ASFR29=0E80h-0EEFh -ASFR30=0F00h-0F6Fh -ASFR31=0F80h-0FEFh \
  -preset_vec=00h,intentry=04h,init,end_init -ppowerup=CODE -pcinit=CODE \
  -pfunctab=CODE -ACONFIG=08007h-08008h -pconfig=CONFIG -DCONFIG=2 \
  -AIDLOC=08000h-08003h -pidloc=IDLOC -DIDLOC=2 -DCODE=2 -DSTRCODE=2 \
  -DSTRING=2 -DCONST=2 -DENTRY=2 -k \
  C:\Users\niranjan\AppData\Local\Temp\s4b8.obj \
  dist/default/production\LIQUID_LEVEL_DISPLAY.X.production.obj 

Object code version is 3.11

Machine type is 16F1503



                Name                               Link     Load   Length Selector   Space Scale
C:\Users\niranjan\AppData\Local\Temp\s4b8.obj
                end_init                             1F       1F        1        8       0
                reset_vec                             0        0        1        0       0
                config                             8007     8007        2    1000E       0
dist/default/production\LIQUID_LEVEL_DISPLAY.X.production.obj
                cinit                                20       20        9        8       0
                intentry                              4        4       1B        8       0
                text24                              4E8      4E8        1      388       0
                text23                              4D4      4D4        6      388       0
                text22                              4E7      4E7        1      388       0
                text21                              4C0      4C0        8      388       0
                text19                              4B7      4B7        9      388       0
                text18                              4DF      4DF        5      388       0
                text17                              47F      47F       18      388       0
                text16                              4A8      4A8        F      388       0
                text15                              4E4      4E4        3      388       0
                text14                              497      497       11      388       0
                text13                              4CE      4CE        6      388       0
                text12                              39C      39C       35      388       0
                text11                              329      329       3E      388       0
                text10                              367      367       35      388       0
                text9                               3D1      3D1       2C      388       0
                text8                               228      228       5C      388       0
                text7                               427      427       23      388       0
                text6                               1C4      1C4       64      388       0
                text5                               465      465       1A      388       0
                text4                               44A      44A       1B      388       0
                text3                               2D9      2D9       50      388       0
                text2                               3FD      3FD       2A      388       0
                text1                               284      284       55      388       0
                maintext                            4DA      4DA        5      388       0
                cstackBANK0                          20       20       2B       20       1
                cstackCOMMON                         70       70        A       70       1
                clrtext                             4C8      4C8        6      388       0
                bssBANK0                             4B       4B       13       20       1
                nvBANK0                              5E       5E        1       20       1
                nvCOMMON                             7A       7A        2       70       1
                stringtext                           29       29      19B       52       0

TOTAL           Name                               Link     Load   Length     Space
        CLASS   STACK          

        CLASS   CODE           
                end_init                             1F       1F        1         0
                cinit                                20       20        9         0
                intentry                              4        4       1B         0
                reset_vec                             0        0        1         0
                text24                              4E8      4E8        1         0
                text23                              4D4      4D4        6         0
                text22                              4E7      4E7        1         0
                text21                              4C0      4C0        8         0
                text19                              4B7      4B7        9         0
                text18                              4DF      4DF        5         0
                text17                              47F      47F       18         0
                text16                              4A8      4A8        F         0
                text15                              4E4      4E4        3         0
                text14                              497      497       11         0
                text13                              4CE      4CE        6         0
                text12                              39C      39C       35         0
                text11                              329      329       3E         0
                text10                              367      367       35         0
                text9                               3D1      3D1       2C         0
                text8                               228      228       5C         0
                text7                               427      427       23         0
                text6                               1C4      1C4       64         0
                text5                               465      465       1A         0
                text4                               44A      44A       1B         0
                text3                               2D9      2D9       50         0
                text2                               3FD      3FD       2A         0
                text1                               284      284       55         0
                maintext                            4DA      4DA        5         0
                clrtext                             4C8      4C8        6         0

        CLASS   STRCODE        
                stringtext                           29       29      19B         0

        CLASS   STRING         

        CLASS   CONST          

        CLASS   ENTRY          

        CLASS   COMMON         
                cstackCOMMON                         70       70        A         1
                nvCOMMON                             7A       7A        2         1

        CLASS   BANK0          
                cstackBANK0                          20       20       2B         1
                bssBANK0                             4B       4B       13         1
                nvBANK0                              5E       5E        1         1

        CLASS   BANK1          

        CLASS   BIGRAM         

        CLASS   RAM            

        CLASS   ABS1           
                abs_s1                               7E       7E        2         1

        CLASS   SFR0           

        CLASS   SFR1           

        CLASS   SFR2           

        CLASS   SFR3           

        CLASS   SFR4           

        CLASS   SFR5           

        CLASS   SFR6           

        CLASS   SFR7           

        CLASS   SFR8           

        CLASS   SFR9           

        CLASS   SFR10          

        CLASS   SFR11          

        CLASS   SFR12          

        CLASS   SFR13          

        CLASS   SFR14          

        CLASS   SFR15          

        CLASS   SFR16          

        CLASS   SFR17          

        CLASS   SFR18          

        CLASS   SFR19          

        CLASS   SFR20          

        CLASS   SFR21          

        CLASS   SFR22          

        CLASS   SFR23          

        CLASS   SFR24          

        CLASS   SFR25          

        CLASS   SFR26          

        CLASS   SFR27          

        CLASS   SFR28          

        CLASS   SFR29          

        CLASS   SFR30          

        CLASS   SFR31          

        CLASS   CONFIG         
                config                             8007     8007        2         0

        CLASS   IDLOC          

        CLASS   BANK31         

        CLASS   BANK30         

        CLASS   BANK29         

        CLASS   BANK28         

        CLASS   BANK27         

        CLASS   BANK26         

        CLASS   BANK25         

        CLASS   BANK24         

        CLASS   BANK23         

        CLASS   BANK22         

        CLASS   BANK21         

        CLASS   BANK20         

        CLASS   BANK19         

        CLASS   BANK18         

        CLASS   BANK17         

        CLASS   BANK16         

        CLASS   BANK15         

        CLASS   BANK14         

        CLASS   BANK13         

        CLASS   BANK12         

        CLASS   BANK11         

        CLASS   BANK10         

        CLASS   BANK9          

        CLASS   BANK8          

        CLASS   BANK7          

        CLASS   BANK6          

        CLASS   BANK5          

        CLASS   BANK4          

        CLASS   BANK3          

        CLASS   BANK2          

        CLASS   EEDATA         



SEGMENTS        Name                           Load    Length   Top    Selector   Space  Class     Delta

                reset_vec                      000000  000001  000001         0       0  CODE        2
                intentry                       000004  000025  000029         8       0  CODE        2
                cstackBANK0                    000020  00003F  00005F        20       1  BANK0       1
                stringtext                     000029  00019B  0001C4        52       0  STRCODE     2
                cstackCOMMON                   000070  00000C  00007C        70       1  COMMON      1
                text6                          0001C4  000325  0004E9       388       0  CODE        2
                config                         008007  000002  008009     1000E       0  CONFIG      2


UNUSED ADDRESS RANGES

        Name                Unused          Largest block    Delta
        BANK0            0005F-0006F              11           1
        BANK1            000A0-000BF              20           1
        BIGRAM           02000-0206F              70           1
        CODE             00001-00003               3           2
                         004E9-007FF             317
        COMMON           0007C-0007D               2           1
        CONST            00001-00003               3           2
                         004E9-007FF             100
        ENTRY            00001-00003               3           2
                         004E9-007FF             100
        IDLOC            08000-08003               4           2
        RAM              0005F-0006F              11           1
                         000A0-000BF              20
        SFR0             00000-0001F              20           1
        SFR1             00080-0009F              20           1
        SFR10            00500-0056F              70           1
        SFR11            00580-005EF              70           1
        SFR12            00600-0066F              70           1
        SFR13            00680-006EF              70           1
        SFR14            00700-0076F              70           1
        SFR15            00780-007EF              70           1
        SFR16            00800-0086F              70           1
        SFR17            00880-008EF              70           1
        SFR18            00900-0096F              70           1
        SFR19            00980-009EF              70           1
        SFR2             00100-0016F              70           1
        SFR20            00A00-00A6F              70           1
        SFR21            00A80-00AEF              70           1
        SFR22            00B00-00B6F              70           1
        SFR23            00B80-00BEF              70           1
        SFR24            00C00-00C6F              70           1
        SFR25            00C80-00CEF              70           1
        SFR26            00D00-00D6F              70           1
        SFR27            00D80-00DEF              70           1
        SFR28            00E00-00E6F              70           1
        SFR29            00E80-00EEF              70           1
        SFR3             00180-001EF              70           1
        SFR30            00F00-00F6F              70           1
        SFR31            00F80-00FEF              70           1
        SFR4             00200-0026F              70           1
        SFR5             00280-002EF              70           1
        SFR6             00300-0036F              70           1
        SFR7             00380-003EF              70           1
        SFR8             00400-0046F              70           1
        SFR9             00480-004EF              70           1
        STACK            0203F-0206F              31           1
        STRCODE          00001-00003               3           2
                         004E9-007FF             317
        STRING           00001-00003               3           2
                         004E9-007FF             100

                                  Symbol Table

?_ADC_GetConversion                      cstackCOMMON 00072
?_ReadWaterLevel                         cstackBANK0  00027
?___lwdiv                                cstackBANK0  00020
?___lwmod                                cstackCOMMON 00072
?___wmul                                 cstackCOMMON 00072
ADC_GetConversion@channel                cstackCOMMON 00075
Display_put@dig                          cstackCOMMON 00072
Display_put@digit                        cstackCOMMON 00076
Display_put@display_segment              stringtext   001B9
Display_put@i                            cstackCOMMON 00077
Display_value@F3236                      bssBANK0     0004B
Display_value@F3238                      bssBANK0     00051
Display_value@i                          cstackBANK0  00048
Display_value@myBuffer                   cstackBANK0  0003A
Display_value@numChar                    cstackBANK0  00040
Display_value@number                     cstackBANK0  00046
Display_value@value                      cstackBANK0  00036
GetStringReverse@buff                    cstackCOMMON 00072
GetStringReverse@i                       cstackCOMMON 00075
GetStringReverse@rptr                    cstackCOMMON 00077
GetStringReverse@sptr                    cstackCOMMON 00078
GetStringReverse@str                     cstackCOMMON 00074
ReadWaterLevel@adcValue                  cstackBANK0  0002D
WaterLevel_Lookup@stepLitre              cstackBANK0  00031
WaterLevel_Lookup@waterLevelLookup       cstackBANK0  00035
WaterLevel_Lookup@waterLevelRead         cstackBANK0  00036
WaterLevel_Lookup@zeroSet                cstackBANK0  0002F
_ADCON0                                  (abs)        0009D
_ADCON0bits                              (abs)        0009D
_ADCON1                                  (abs)        0009E
_ADCON2                                  (abs)        0009F
_ADC_GetConversion                       text5        00465
_ADC_Initialize                          text19       004B7
_ADRESH                                  (abs)        0009C
_ADRESL                                  (abs)        0009B
_ANSELA                                  (abs)        0018C
_ANSELC                                  (abs)        0018E
_APFCON                                  (abs)        0011D
_Display_put                             text12       0039C
_Display_value                           text6        001C4
_GetStringReverse                        text11       00329
_INTCONbits                              (abs)        0000B
_INTERRUPT_InterruptManager              intentry     00004
_LATA                                    (abs)        0010C
_LATC                                    (abs)        0010E
_LATC4                                   (abs)        00874
_LATC5                                   (abs)        00875
_OPTION_REG                              (abs)        00095
_OPTION_REGbits                          (abs)        00095
_OSCCON                                  (abs)        00099
_OSCILLATOR_Initialize                   text18       004DF
_OSCSTAT                                 (abs)        0009A
_PIE1bits                                (abs)        00091
_PIN_MANAGER_Initialize                  text17       0047F
_PIR1bits                                (abs)        00011
_RC3                                     (abs)        00073
_ReadWaterLevel                          text3        002D9
_ReadWaterLevel$879                      cstackBANK0  0002B
_SYSTEM_Initialize                       text13       004CE
_T1CON                                   (abs)        00018
_T1CONbits                               (abs)        00018
_T1GCON                                  (abs)        00019
_T1GCONbits                              (abs)        00019
_TMR0                                    (abs)        00015
_TMR0_CallBack                           text24       004E8
_TMR0_ISR                                text23       004D4
_TMR0_Initialize                         text16       004A8
_TMR1H                                   (abs)        00017
_TMR1L                                   (abs)        00016
_TMR1_CallBack                           text22       004E7
_TMR1_ISR                                text21       004C0
_TMR1_Initialize                         text14       00497
_TMR1_StartTimer                         text15       004E4
_TRISA                                   (abs)        0008C
_TRISC                                   (abs)        0008E
_WPUA                                    (abs)        0020C
_WaterLevelDisplay_StateMachine          text1        00284
_WaterLevelLookup                        stringtext   00029
_WaterLevel_Lookup                       text2        003FD
__CFG_BOREN$ON                           (abs)        00000
__CFG_BORV$LO                            (abs)        00000
__CFG_CLKOUTEN$OFF                       (abs)        00000
__CFG_CP$ON                              (abs)        00000
__CFG_FOSC$INTOSC                        (abs)        00000
__CFG_LPBOR$OFF                          (abs)        00000
__CFG_LVP$OFF                            (abs)        00000
__CFG_MCLRE$OFF                          (abs)        00000
__CFG_PWRTE$OFF                          (abs)        00000
__CFG_STVREN$ON                          (abs)        00000
__CFG_WDTE$OFF                           (abs)        00000
__CFG_WRT$OFF                            (abs)        00000
__Habs1                                  abs1         00000
__Hbank0                                 bank0        00000
__Hbank1                                 bank1        00000
__Hbank10                                bank10       00000
__Hbank11                                bank11       00000
__Hbank12                                bank12       00000
__Hbank13                                bank13       00000
__Hbank14                                bank14       00000
__Hbank15                                bank15       00000
__Hbank16                                bank16       00000
__Hbank17                                bank17       00000
__Hbank18                                bank18       00000
__Hbank19                                bank19       00000
__Hbank2                                 bank2        00000
__Hbank20                                bank20       00000
__Hbank21                                bank21       00000
__Hbank22                                bank22       00000
__Hbank23                                bank23       00000
__Hbank24                                bank24       00000
__Hbank25                                bank25       00000
__Hbank26                                bank26       00000
__Hbank27                                bank27       00000
__Hbank28                                bank28       00000
__Hbank29                                bank29       00000
__Hbank3                                 bank3        00000
__Hbank30                                bank30       00000
__Hbank31                                bank31       00000
__Hbank4                                 bank4        00000
__Hbank5                                 bank5        00000
__Hbank6                                 bank6        00000
__Hbank7                                 bank7        00000
__Hbank8                                 bank8        00000
__Hbank9                                 bank9        00000
__Hbigram                                bigram       00000
__HbssBANK0                              bssBANK0     00000
__Hcinit                                 cinit        00029
__Hclrtext                               clrtext      00000
__Hcode                                  code         00000
__Hcommon                                common       00000
__Hconfig                                config       08009
__HcstackBANK0                           cstackBANK0  00000
__HcstackCOMMON                          cstackCOMMON 00000
__Heeprom_data                           eeprom_data  00000
__Hend_init                              end_init     00020
__Hfunctab                               functab      00000
__Hidloc                                 idloc        00000
__Hinit                                  init         0001F
__Hintentry                              intentry     0001F
__Hmaintext                              maintext     00000
__HnvBANK0                               nvBANK0      00000
__HnvCOMMON                              nvCOMMON     00000
__Hpowerup                               powerup      00000
__Hram                                   ram          00000
__Hreset_vec                             reset_vec    00001
__Hsfr0                                  sfr0         00000
__Hsfr1                                  sfr1         00000
__Hsfr10                                 sfr10        00000
__Hsfr11                                 sfr11        00000
__Hsfr12                                 sfr12        00000
__Hsfr13                                 sfr13        00000
__Hsfr14                                 sfr14        00000
__Hsfr15                                 sfr15        00000
__Hsfr16                                 sfr16        00000
__Hsfr17                                 sfr17        00000
__Hsfr18                                 sfr18        00000
__Hsfr19                                 sfr19        00000
__Hsfr2                                  sfr2         00000
__Hsfr20                                 sfr20        00000
__Hsfr21                                 sfr21        00000
__Hsfr22                                 sfr22        00000
__Hsfr23                                 sfr23        00000
__Hsfr24                                 sfr24        00000
__Hsfr25                                 sfr25        00000
__Hsfr26                                 sfr26        00000
__Hsfr27                                 sfr27        00000
__Hsfr28                                 sfr28        00000
__Hsfr29                                 sfr29        00000
__Hsfr3                                  sfr3         00000
__Hsfr30                                 sfr30        00000
__Hsfr31                                 sfr31        00000
__Hsfr4                                  sfr4         00000
__Hsfr5                                  sfr5         00000
__Hsfr6                                  sfr6         00000
__Hsfr7                                  sfr7         00000
__Hsfr8                                  sfr8         00000
__Hsfr9                                  sfr9         00000
__Hspace_0                               (abs)        08009
__Hspace_1                               (abs)        0007C
__Hspace_2                               (abs)        00000
__Hspace_3                               (abs)        00000
__Hstack                                 stack        00000
__Hstrings                               strings      00000
__Hstringtext                            stringtext   00000
__Htext                                  text         00000
__Labs1                                  abs1         00000
__Lbank0                                 bank0        00000
__Lbank1                                 bank1        00000
__Lbank10                                bank10       00000
__Lbank11                                bank11       00000
__Lbank12                                bank12       00000
__Lbank13                                bank13       00000
__Lbank14                                bank14       00000
__Lbank15                                bank15       00000
__Lbank16                                bank16       00000
__Lbank17                                bank17       00000
__Lbank18                                bank18       00000
__Lbank19                                bank19       00000
__Lbank2                                 bank2        00000
__Lbank20                                bank20       00000
__Lbank21                                bank21       00000
__Lbank22                                bank22       00000
__Lbank23                                bank23       00000
__Lbank24                                bank24       00000
__Lbank25                                bank25       00000
__Lbank26                                bank26       00000
__Lbank27                                bank27       00000
__Lbank28                                bank28       00000
__Lbank29                                bank29       00000
__Lbank3                                 bank3        00000
__Lbank30                                bank30       00000
__Lbank31                                bank31       00000
__Lbank4                                 bank4        00000
__Lbank5                                 bank5        00000
__Lbank6                                 bank6        00000
__Lbank7                                 bank7        00000
__Lbank8                                 bank8        00000
__Lbank9                                 bank9        00000
__Lbigram                                bigram       00000
__LbssBANK0                              bssBANK0     00000
__Lcinit                                 cinit        00020
__Lclrtext                               clrtext      00000
__Lcode                                  code         00000
__Lcommon                                common       00000
__Lconfig                                config       08007
__LcstackBANK0                           cstackBANK0  00000
__LcstackCOMMON                          cstackCOMMON 00000
__Leeprom_data                           eeprom_data  00000
__Lend_init                              end_init     0001F
__Lfunctab                               functab      00000
__Lidloc                                 idloc        00000
__Linit                                  init         0001F
__Lintentry                              intentry     00004
__Lmaintext                              maintext     00000
__LnvBANK0                               nvBANK0      00000
__LnvCOMMON                              nvCOMMON     00000
__Lpowerup                               powerup      00000
__Lram                                   ram          00000
__Lreset_vec                             reset_vec    00000
__Lsfr0                                  sfr0         00000
__Lsfr1                                  sfr1         00000
__Lsfr10                                 sfr10        00000
__Lsfr11                                 sfr11        00000
__Lsfr12                                 sfr12        00000
__Lsfr13                                 sfr13        00000
__Lsfr14                                 sfr14        00000
__Lsfr15                                 sfr15        00000
__Lsfr16                                 sfr16        00000
__Lsfr17                                 sfr17        00000
__Lsfr18                                 sfr18        00000
__Lsfr19                                 sfr19        00000
__Lsfr2                                  sfr2         00000
__Lsfr20                                 sfr20        00000
__Lsfr21                                 sfr21        00000
__Lsfr22                                 sfr22        00000
__Lsfr23                                 sfr23        00000
__Lsfr24                                 sfr24        00000
__Lsfr25                                 sfr25        00000
__Lsfr26                                 sfr26        00000
__Lsfr27                                 sfr27        00000
__Lsfr28                                 sfr28        00000
__Lsfr29                                 sfr29        00000
__Lsfr3                                  sfr3         00000
__Lsfr30                                 sfr30        00000
__Lsfr31                                 sfr31        00000
__Lsfr4                                  sfr4         00000
__Lsfr5                                  sfr5         00000
__Lsfr6                                  sfr6         00000
__Lsfr7                                  sfr7         00000
__Lsfr8                                  sfr8         00000
__Lsfr9                                  sfr9         00000
__Lspace_0                               (abs)        00000
__Lspace_1                               (abs)        00000
__Lspace_2                               (abs)        00000
__Lspace_3                               (abs)        00000
__Lstack                                 stack        00000
__Lstrings                               strings      00000
__Lstringtext                            stringtext   00000
__Ltext                                  text         00000
__S0                                     (abs)        08009
__S1                                     (abs)        0007C
__S2                                     (abs)        00000
___int_sp                                stack        00000
___latbits                               (abs)        00000
___lwdiv                                 text10       00367
___lwdiv@counter                         cstackBANK0  00024
___lwdiv@dividend                        cstackBANK0  00022
___lwdiv@divisor                         cstackBANK0  00020
___lwdiv@quotient                        cstackBANK0  00025
___lwmod                                 text9        003D1
___lwmod@counter                         cstackCOMMON 00077
___lwmod@dividend                        cstackCOMMON 00074
___lwmod@divisor                         cstackCOMMON 00072
___sp                                    stack        00000
___wmul                                  text4        0044A
___wmul@multiplicand                     cstackCOMMON 00074
___wmul@multiplier                       cstackCOMMON 00072
___wmul@product                          cstackCOMMON 00076
__end_ofDisplay_put@display_segment      stringtext   001C4
__end_of_ADC_GetConversion               text5        0047F
__end_of_ADC_Initialize                  text19       004C0
__end_of_Display_put                     text12       003D1
__end_of_Display_value                   text6        00228
__end_of_GetStringReverse                text11       00367
__end_of_INTERRUPT_InterruptManager      intentry     0001F
__end_of_OSCILLATOR_Initialize           text18       004E4
__end_of_PIN_MANAGER_Initialize          text17       00497
__end_of_ReadWaterLevel                  text3        00329
__end_of_SYSTEM_Initialize               text13       004D4
__end_of_TMR0_CallBack                   text24       004E9
__end_of_TMR0_ISR                        text23       004DA
__end_of_TMR0_Initialize                 text16       004B7
__end_of_TMR1_CallBack                   text22       004E8
__end_of_TMR1_ISR                        text21       004C8
__end_of_TMR1_Initialize                 text14       004A8
__end_of_TMR1_StartTimer                 text15       004E7
__end_of_WaterLevelDisplay_StateMachine  text1        002D9
__end_of_WaterLevelLookup                stringtext   001B9
__end_of_WaterLevel_Lookup               text2        00427
__end_of___lwdiv                         text10       0039C
__end_of___lwmod                         text9        003FD
__end_of___wmul                          text4        00465
__end_of__initialization                 cinit        00026
__end_of_itoa                            text7        0044A
__end_of_main                            maintext     004DF
__end_of_utoa                            text8        00284
__initialization                         cinit        00020
__pbssBANK0                              bssBANK0     0004B
__pcstackBANK0                           cstackBANK0  00020
__pcstackCOMMON                          cstackCOMMON 00070
__pintentry                              intentry     00004
__pmaintext                              maintext     004DA
__pnvBANK0                               nvBANK0      0005E
__pnvCOMMON                              nvCOMMON     0007A
__pstringtext                            stringtext   00029
__ptext1                                 text1        00284
__ptext10                                text10       00367
__ptext11                                text11       00329
__ptext12                                text12       0039C
__ptext13                                text13       004CE
__ptext14                                text14       00497
__ptext15                                text15       004E4
__ptext16                                text16       004A8
__ptext17                                text17       0047F
__ptext18                                text18       004DF
__ptext19                                text19       004B7
__ptext2                                 text2        003FD
__ptext21                                text21       004C0
__ptext22                                text22       004E7
__ptext23                                text23       004D4
__ptext24                                text24       004E8
__ptext3                                 text3        002D9
__ptext4                                 text4        0044A
__ptext5                                 text5        00465
__ptext6                                 text6        001C4
__ptext7                                 text7        00427
__ptext8                                 text8        00228
__ptext9                                 text9        003D1
__size_of_ADC_GetConversion              (abs)        00000
__size_of_ADC_Initialize                 (abs)        00000
__size_of_Display_put                    (abs)        00000
__size_of_Display_value                  (abs)        00000
__size_of_GetStringReverse               (abs)        00000
__size_of_INTERRUPT_InterruptManager     (abs)        00000
__size_of_OSCILLATOR_Initialize          (abs)        00000
__size_of_PIN_MANAGER_Initialize         (abs)        00000
__size_of_ReadWaterLevel                 (abs)        00000
__size_of_SYSTEM_Initialize              (abs)        00000
__size_of_TMR0_CallBack                  (abs)        00000
__size_of_TMR0_ISR                       (abs)        00000
__size_of_TMR0_Initialize                (abs)        00000
__size_of_TMR1_CallBack                  (abs)        00000
__size_of_TMR1_ISR                       (abs)        00000
__size_of_TMR1_Initialize                (abs)        00000
__size_of_TMR1_StartTimer                (abs)        00000
__size_of_WaterLevelDisplay_StateMachine (abs)        00000
__size_of_WaterLevel_Lookup              (abs)        00000
__size_of___lwdiv                        (abs)        00000
__size_of___lwmod                        (abs)        00000
__size_of___wmul                         (abs)        00000
__size_of_itoa                           (abs)        00000
__size_of_main                           (abs)        00000
__size_of_utoa                           (abs)        00000
_dot                                     bssBANK0     0005D
_itoa                                    text7        00427
_main                                    maintext     004DA
_timer0ReloadVal                         nvBANK0      0005E
_timer1ReloadVal                         nvCOMMON     0007A
_utoa                                    text8        00228
_wlData                                  bssBANK0     00057
btemp                                    (abs)        0007E
clear_ram0                               clrtext      004C8
end_of_initialization                    cinit        00026
int$flags                                (abs)        0007E
intlevel0                                functab      00000
intlevel1                                functab      00000
intlevel2                                functab      00000
intlevel3                                functab      00000
intlevel4                                functab      00000
intlevel5                                functab      00000
itoa@base                                cstackBANK0  00031
itoa@buf                                 cstackBANK0  00035
itoa@cp                                  cstackBANK0  00034
itoa@val                                 cstackBANK0  0002F
ltemp                                    (abs)        0007E
ltemp0                                   (abs)        0007E
ltemp1                                   (abs)        00082
ltemp2                                   (abs)        00086
ltemp3                                   (abs)        00080
reset_vec                                reset_vec    00000
stackhi                                  (abs)        0206F
stacklo                                  (abs)        0203F
start                                    init         0001F
start_initialization                     cinit        00020
ttemp                                    (abs)        0007E
ttemp0                                   (abs)        0007E
ttemp1                                   (abs)        00081
ttemp2                                   (abs)        00084
ttemp3                                   (abs)        00087
ttemp4                                   (abs)        0007F
utoa@base                                cstackBANK0  00029
utoa@buf                                 cstackBANK0  0002E
utoa@c                                   cstackBANK0  0002D
utoa@v                                   cstackBANK0  0002B
utoa@val                                 cstackBANK0  00027
wtemp                                    (abs)        0007E
wtemp0                                   (abs)        0007E
wtemp1                                   (abs)        00080
wtemp2                                   (abs)        00082
wtemp3                                   (abs)        00084
wtemp4                                   (abs)        00086
wtemp5                                   (abs)        00088
wtemp6                                   (abs)        0007F


FUNCTION INFORMATION:

 *************** function _main *****************
 Defined at:
		line 52 in file "main.c"
 Parameters:    Size  Location     Type
		None
 Auto vars:     Size  Location     Type
		None
 Return value:  Size  Location     Type
		None               void
 Registers used:
		wreg, fsr0l, fsr0h, fsr1l, fsr1h, status,2, status,0, pclath, cstack
 Tracked objects:
		On entry : 
		On exit  : 
		Unchanged: 
 Data sizes:     COMMON   BANK0   BANK1
      Params:         0       0       0
      Locals:         0       0       0
      Temps:          0       0       0
      Totals:         0       0       0
Total ram usage:        0 bytes
 Hardware stack levels required when called:    8
 This function calls:
		_SYSTEM_Initialize
		_WaterLevelDisplay_StateMachine
 This function is called by:
		Startup code after reset
 This function uses a non-reentrant model


 *************** function _WaterLevelDisplay_StateMachine *****************
 Defined at:
		line 14 in file "water_level_display/water_level_display.c"
 Parameters:    Size  Location     Type
		None
 Auto vars:     Size  Location     Type
		None
 Return value:  Size  Location     Type
		None               void
 Registers used:
		wreg, fsr0l, fsr0h, fsr1l, fsr1h, status,2, status,0, pclath, cstack
 Tracked objects:
		On entry : 
		On exit  : 
		Unchanged: 
 Data sizes:     COMMON   BANK0   BANK1
      Params:         0       0       0
      Locals:         0       0       0
      Temps:          0       2       0
      Totals:         0       2       0
Total ram usage:        2 bytes
 Hardware stack levels used:    1
 Hardware stack levels required when called:    7
 This function calls:
		_Display_value
		_WaterLevel_Lookup
 This function is called by:
		_main
 This function uses a non-reentrant model


 *************** function _WaterLevel_Lookup *****************
 Defined at:
		line 21 in file "water_level_display/water_level_conversion.c"
 Parameters:    Size  Location     Type
  zeroSet         2   15[BANK0 ] unsigned int 
  stepLitre       1   17[BANK0 ] unsigned char 
 Auto vars:     Size  Location     Type
  waterLevelRe    2   22[BANK0 ] unsigned int 
  waterLevelLo    1   21[BANK0 ] unsigned char 
 Return value:  Size  Location     Type
                  1    wreg      unsigned char 
 Registers used:
		wreg, status,2, status,0, pclath, cstack
 Tracked objects:
		On entry : 
		On exit  : 
		Unchanged: 
 Data sizes:     COMMON   BANK0   BANK1
      Params:         0       3       0
      Locals:         0       3       0
      Temps:          0       3       0
      Totals:         0       9       0
Total ram usage:        9 bytes
 Hardware stack levels used:    1
 Hardware stack levels required when called:    5
 This function calls:
		_ReadWaterLevel
		___lwdiv
 This function is called by:
		_WaterLevelDisplay_StateMachine
 This function uses a non-reentrant model


 *************** function _ReadWaterLevel *****************
 Defined at:
		line 13 in file "water_level_display/water_level_conversion.c"
 Parameters:    Size  Location     Type
		None
 Auto vars:     Size  Location     Type
  adcValue        2   13[BANK0 ] unsigned int 
 Return value:  Size  Location     Type
                  2    7[BANK0 ] unsigned int 
 Registers used:
		wreg, status,2, status,0, pclath, cstack
 Tracked objects:
		On entry : 
		On exit  : 
		Unchanged: 
 Data sizes:     COMMON   BANK0   BANK1
      Params:         0       2       0
      Locals:         0       4       0
      Temps:          0       2       0
      Totals:         0       8       0
Total ram usage:        8 bytes
 Hardware stack levels used:    1
 Hardware stack levels required when called:    4
 This function calls:
		_ADC_GetConversion
		___lwdiv
		___wmul
 This function is called by:
		_WaterLevel_Lookup
 This function uses a non-reentrant model


 *************** function ___wmul *****************
 Defined at:
		line 15 in file "C:\Program Files (x86)\Microchip\xc8\v1.35\sources\common\Umul16.c"
 Parameters:    Size  Location     Type
  multiplier      2    2[COMMON] unsigned int 
  multiplicand    2    4[COMMON] unsigned int 
 Auto vars:     Size  Location     Type
  product         2    6[COMMON] unsigned int 
 Return value:  Size  Location     Type
                  2    2[COMMON] unsigned int 
 Registers used:
		wreg, status,2, status,0
 Tracked objects:
		On entry : 
		On exit  : 
		Unchanged: 
 Data sizes:     COMMON   BANK0   BANK1
      Params:         4       0       0
      Locals:         2       0       0
      Temps:          0       0       0
      Totals:         6       0       0
Total ram usage:        6 bytes
 Hardware stack levels used:    1
 Hardware stack levels required when called:    3
 This function calls:
		Nothing
 This function is called by:
		_ReadWaterLevel
 This function uses a non-reentrant model


 *************** function _ADC_GetConversion *****************
 Defined at:
		line 109 in file "mcc_generated_files/adc.c"
 Parameters:    Size  Location     Type
  channel         1    wreg     enum E2933
 Auto vars:     Size  Location     Type
  channel         1    5[COMMON] enum E2933
 Return value:  Size  Location     Type
                  2    2[COMMON] unsigned int 
 Registers used:
		wreg, status,2, status,0
 Tracked objects:
		On entry : 
		On exit  : 
		Unchanged: 
 Data sizes:     COMMON   BANK0   BANK1
      Params:         2       0       0
      Locals:         1       0       0
      Temps:          1       0       0
      Totals:         4       0       0
Total ram usage:        4 bytes
 Hardware stack levels used:    1
 Hardware stack levels required when called:    3
 This function calls:
		Nothing
 This function is called by:
		_ReadWaterLevel
 This function uses a non-reentrant model


 *************** function _Display_value *****************
 Defined at:
		line 11 in file "drv_74hc595/drv_74hc595.c"
 Parameters:    Size  Location     Type
  value           2   22[BANK0 ] unsigned int 
 Auto vars:     Size  Location     Type
  numChar         6   32[BANK0 ] unsigned char [6]
  myBuffer        6   26[BANK0 ] unsigned char [6]
  number          2   38[BANK0 ] unsigned int 
  i               1   40[BANK0 ] unsigned char 
 Return value:  Size  Location     Type
		None               void
 Registers used:
		wreg, fsr0l, fsr0h, fsr1l, fsr1h, status,2, status,0, pclath, cstack
 Tracked objects:
		On entry : 
		On exit  : 
		Unchanged: 
 Data sizes:     COMMON   BANK0   BANK1
      Params:         0       2       0
      Locals:         0      15       0
      Temps:          0       2       0
      Totals:         0      19       0
Total ram usage:       19 bytes
 Hardware stack levels used:    1
 Hardware stack levels required when called:    6
 This function calls:
		_Display_put
		_GetStringReverse
		_itoa
 This function is called by:
		_WaterLevelDisplay_StateMachine
 This function uses a non-reentrant model


 *************** function _itoa *****************
 Defined at:
		line 4 in file "C:\Program Files (x86)\Microchip\xc8\v1.35\sources\common\itoa.c"
 Parameters:    Size  Location     Type
  buf             1    wreg     PTR unsigned char 
		 -> Display_value@myBuffer(6), 
  val             2   15[BANK0 ] int 
  base            2   17[BANK0 ] int 
 Auto vars:     Size  Location     Type
  buf             1   21[BANK0 ] PTR unsigned char 
		 -> Display_value@myBuffer(6), 
  cp              1   20[BANK0 ] PTR unsigned char 
		 -> Display_value@myBuffer(6), 
 Return value:  Size  Location     Type
                  1    wreg      PTR unsigned char 
 Registers used:
		wreg, fsr1l, fsr1h, status,2, status,0, pclath, cstack
 Tracked objects:
		On entry : 
		On exit  : 
		Unchanged: 
 Data sizes:     COMMON   BANK0   BANK1
      Params:         0       4       0
      Locals:         0       2       0
      Temps:          0       1       0
      Totals:         0       7       0
Total ram usage:        7 bytes
 Hardware stack levels used:    1
 Hardware stack levels required when called:    5
 This function calls:
		_utoa
 This function is called by:
		_Display_value
 This function uses a non-reentrant model


 *************** function _utoa *****************
 Defined at:
		line 17 in file "C:\Program Files (x86)\Microchip\xc8\v1.35\sources\common\itoa.c"
 Parameters:    Size  Location     Type
  buf             1    wreg     PTR unsigned char 
		 -> Display_value@myBuffer(6), 
  val             2    7[BANK0 ] unsigned int 
  base            2    9[BANK0 ] int 
 Auto vars:     Size  Location     Type
  buf             1   14[BANK0 ] PTR unsigned char 
		 -> Display_value@myBuffer(6), 
  v               2   11[BANK0 ] unsigned int 
  c               1   13[BANK0 ] unsigned char 
 Return value:  Size  Location     Type
                  1    wreg      PTR unsigned char 
 Registers used:
		wreg, fsr1l, fsr1h, status,2, status,0, pclath, cstack
 Tracked objects:
		On entry : 
		On exit  : 
		Unchanged: 
 Data sizes:     COMMON   BANK0   BANK1
      Params:         0       4       0
      Locals:         0       4       0
      Temps:          1       0       0
      Totals:         1       8       0
Total ram usage:        9 bytes
 Hardware stack levels used:    1
 Hardware stack levels required when called:    4
 This function calls:
		___lwdiv
		___lwmod
 This function is called by:
		_itoa
 This function uses a non-reentrant model


 *************** function ___lwmod *****************
 Defined at:
		line 6 in file "C:\Program Files (x86)\Microchip\xc8\v1.35\sources\common\lwmod.c"
 Parameters:    Size  Location     Type
  divisor         2    2[COMMON] unsigned int 
  dividend        2    4[COMMON] unsigned int 
 Auto vars:     Size  Location     Type
  counter         1    7[COMMON] unsigned char 
 Return value:  Size  Location     Type
                  2    2[COMMON] unsigned int 
 Registers used:
		wreg, status,2, status,0
 Tracked objects:
		On entry : 
		On exit  : 
		Unchanged: 
 Data sizes:     COMMON   BANK0   BANK1
      Params:         4       0       0
      Locals:         1       0       0
      Temps:          1       0       0
      Totals:         6       0       0
Total ram usage:        6 bytes
 Hardware stack levels used:    1
 Hardware stack levels required when called:    3
 This function calls:
		Nothing
 This function is called by:
		_utoa
 This function uses a non-reentrant model


 *************** function ___lwdiv *****************
 Defined at:
		line 6 in file "C:\Program Files (x86)\Microchip\xc8\v1.35\sources\common\lwdiv.c"
 Parameters:    Size  Location     Type
  divisor         2    0[BANK0 ] unsigned int 
  dividend        2    2[BANK0 ] unsigned int 
 Auto vars:     Size  Location     Type
  quotient        2    5[BANK0 ] unsigned int 
  counter         1    4[BANK0 ] unsigned char 
 Return value:  Size  Location     Type
                  2    0[BANK0 ] unsigned int 
 Registers used:
		wreg, status,2, status,0
 Tracked objects:
		On entry : 
		On exit  : 
		Unchanged: 
 Data sizes:     COMMON   BANK0   BANK1
      Params:         0       4       0
      Locals:         0       3       0
      Temps:          1       0       0
      Totals:         1       7       0
Total ram usage:        8 bytes
 Hardware stack levels used:    1
 Hardware stack levels required when called:    3
 This function calls:
		Nothing
 This function is called by:
		_ReadWaterLevel
		_WaterLevel_Lookup
		_utoa
 This function uses a non-reentrant model


 *************** function _GetStringReverse *****************
 Defined at:
		line 59 in file "drv_74hc595/drv_74hc595.c"
 Parameters:    Size  Location     Type
  str             1    wreg     PTR unsigned char 
		 -> Display_value@myBuffer(6), 
  buff            1    2[COMMON] PTR unsigned char 
		 -> Display_value@numChar(6), 
 Auto vars:     Size  Location     Type
  str             1    4[COMMON] PTR unsigned char 
		 -> Display_value@myBuffer(6), 
  i               2    5[COMMON] int 
  sptr            1    8[COMMON] PTR unsigned char 
		 -> Display_value@myBuffer(6), 
  rptr            1    7[COMMON] PTR unsigned char 
		 -> Display_value@numChar(6), 
 Return value:  Size  Location     Type
		None               void
 Registers used:
		wreg, fsr1l, fsr1h, status,2, status,0
 Tracked objects:
		On entry : 
		On exit  : 
		Unchanged: 
 Data sizes:     COMMON   BANK0   BANK1
      Params:         1       0       0
      Locals:         5       0       0
      Temps:          1       0       0
      Totals:         7       0       0
Total ram usage:        7 bytes
 Hardware stack levels used:    1
 Hardware stack levels required when called:    3
 This function calls:
		Nothing
 This function is called by:
		_Display_value
 This function uses a non-reentrant model


 *************** function _Display_put *****************
 Defined at:
		line 35 in file "drv_74hc595/drv_74hc595.c"
 Parameters:    Size  Location     Type
  dig             2    2[COMMON] PTR unsigned char 
		 -> NULL(0), RAM(4096), RAM(4096), 
 Auto vars:     Size  Location     Type
  i               1    7[COMMON] unsigned char 
  digit           1    6[COMMON] unsigned char 
 Return value:  Size  Location     Type
		None               void
 Registers used:
		wreg, fsr0l, fsr0h, status,2, status,0, pclath
 Tracked objects:
		On entry : 
		On exit  : 
		Unchanged: 
 Data sizes:     COMMON   BANK0   BANK1
      Params:         2       0       0
      Locals:         2       0       0
      Temps:          2       0       0
      Totals:         6       0       0
Total ram usage:        6 bytes
 Hardware stack levels used:    1
 Hardware stack levels required when called:    3
 This function calls:
		Nothing
 This function is called by:
		_Display_value
 This function uses a non-reentrant model


 *************** function _SYSTEM_Initialize *****************
 Defined at:
		line 67 in file "mcc_generated_files/mcc.c"
 Parameters:    Size  Location     Type
		None
 Auto vars:     Size  Location     Type
		None
 Return value:  Size  Location     Type
		None               void
 Registers used:
		wreg, status,2, status,0, pclath, cstack
 Tracked objects:
		On entry : 
		On exit  : 
		Unchanged: 
 Data sizes:     COMMON   BANK0   BANK1
      Params:         0       0       0
      Locals:         0       0       0
      Temps:          0       0       0
      Totals:         0       0       0
Total ram usage:        0 bytes
 Hardware stack levels used:    1
 Hardware stack levels required when called:    5
 This function calls:
		_ADC_Initialize
		_OSCILLATOR_Initialize
		_PIN_MANAGER_Initialize
		_TMR0_Initialize
		_TMR1_Initialize
 This function is called by:
		_main
 This function uses a non-reentrant model


 *************** function _TMR1_Initialize *****************
 Defined at:
		line 63 in file "mcc_generated_files/tmr1.c"
 Parameters:    Size  Location     Type
		None
 Auto vars:     Size  Location     Type
		None
 Return value:  Size  Location     Type
		None               void
 Registers used:
		wreg, status,2, status,0, pclath, cstack
 Tracked objects:
		On entry : 
		On exit  : 
		Unchanged: 
 Data sizes:     COMMON   BANK0   BANK1
      Params:         0       0       0
      Locals:         0       0       0
      Temps:          0       0       0
      Totals:         0       0       0
Total ram usage:        0 bytes
 Hardware stack levels used:    1
 Hardware stack levels required when called:    4
 This function calls:
		_TMR1_StartTimer
 This function is called by:
		_SYSTEM_Initialize
 This function uses a non-reentrant model


 *************** function _TMR1_StartTimer *****************
 Defined at:
		line 91 in file "mcc_generated_files/tmr1.c"
 Parameters:    Size  Location     Type
		None
 Auto vars:     Size  Location     Type
		None
 Return value:  Size  Location     Type
		None               void
 Registers used:
		None
 Tracked objects:
		On entry : 
		On exit  : 
		Unchanged: 
 Data sizes:     COMMON   BANK0   BANK1
      Params:         0       0       0
      Locals:         0       0       0
      Temps:          0       0       0
      Totals:         0       0       0
Total ram usage:        0 bytes
 Hardware stack levels used:    1
 Hardware stack levels required when called:    3
 This function calls:
		Nothing
 This function is called by:
		_TMR1_Initialize
 This function uses a non-reentrant model


 *************** function _TMR0_Initialize *****************
 Defined at:
		line 64 in file "mcc_generated_files/tmr0.c"
 Parameters:    Size  Location     Type
		None
 Auto vars:     Size  Location     Type
		None
 Return value:  Size  Location     Type
		None               void
 Registers used:
		wreg, status,2
 Tracked objects:
		On entry : 
		On exit  : 
		Unchanged: 
 Data sizes:     COMMON   BANK0   BANK1
      Params:         0       0       0
      Locals:         0       0       0
      Temps:          1       0       0
      Totals:         1       0       0
Total ram usage:        1 bytes
 Hardware stack levels used:    1
 Hardware stack levels required when called:    3
 This function calls:
		Nothing
 This function is called by:
		_SYSTEM_Initialize
 This function uses a non-reentrant model


 *************** function _PIN_MANAGER_Initialize *****************
 Defined at:
		line 50 in file "mcc_generated_files/pin_manager.c"
 Parameters:    Size  Location     Type
		None
 Auto vars:     Size  Location     Type
		None
 Return value:  Size  Location     Type
		None               void
 Registers used:
		wreg, status,2
 Tracked objects:
		On entry : 
		On exit  : 
		Unchanged: 
 Data sizes:     COMMON   BANK0   BANK1
      Params:         0       0       0
      Locals:         0       0       0
      Temps:          0       0       0
      Totals:         0       0       0
Total ram usage:        0 bytes
 Hardware stack levels used:    1
 Hardware stack levels required when called:    3
 This function calls:
		Nothing
 This function is called by:
		_SYSTEM_Initialize
 This function uses a non-reentrant model


 *************** function _OSCILLATOR_Initialize *****************
 Defined at:
		line 75 in file "mcc_generated_files/mcc.c"
 Parameters:    Size  Location     Type
		None
 Auto vars:     Size  Location     Type
		None
 Return value:  Size  Location     Type
		None               void
 Registers used:
		wreg, status,2
 Tracked objects:
		On entry : 
		On exit  : 
		Unchanged: 
 Data sizes:     COMMON   BANK0   BANK1
      Params:         0       0       0
      Locals:         0       0       0
      Temps:          0       0       0
      Totals:         0       0       0
Total ram usage:        0 bytes
 Hardware stack levels used:    1
 Hardware stack levels required when called:    3
 This function calls:
		Nothing
 This function is called by:
		_SYSTEM_Initialize
 This function uses a non-reentrant model


 *************** function _ADC_Initialize *****************
 Defined at:
		line 65 in file "mcc_generated_files/adc.c"
 Parameters:    Size  Location     Type
		None
 Auto vars:     Size  Location     Type
		None
 Return value:  Size  Location     Type
		None               void
 Registers used:
		wreg, status,2
 Tracked objects:
		On entry : 
		On exit  : 
		Unchanged: 
 Data sizes:     COMMON   BANK0   BANK1
      Params:         0       0       0
      Locals:         0       0       0
      Temps:          0       0       0
      Totals:         0       0       0
Total ram usage:        0 bytes
 Hardware stack levels used:    1
 Hardware stack levels required when called:    3
 This function calls:
		Nothing
 This function is called by:
		_SYSTEM_Initialize
 This function uses a non-reentrant model


 *************** function _INTERRUPT_InterruptManager *****************
 Defined at:
		line 52 in file "mcc_generated_files/interrupt_manager.c"
 Parameters:    Size  Location     Type
		None
 Auto vars:     Size  Location     Type
		None
 Return value:  Size  Location     Type
		None               void
 Registers used:
		wreg, status,2, status,0, pclath, cstack
 Tracked objects:
		On entry : 
		On exit  : 
		Unchanged: 
 Data sizes:     COMMON   BANK0   BANK1
      Params:         0       0       0
      Locals:         0       0       0
      Temps:          2       0       0
      Totals:         2       0       0
Total ram usage:        2 bytes
 Hardware stack levels used:    1
 Hardware stack levels required when called:    2
 This function calls:
		_TMR0_ISR
		_TMR1_ISR
 This function is called by:
		Interrupt level 1
 This function uses a non-reentrant model


 *************** function _TMR1_ISR *****************
 Defined at:
		line 141 in file "mcc_generated_files/tmr1.c"
 Parameters:    Size  Location     Type
		None
 Auto vars:     Size  Location     Type
		None
 Return value:  Size  Location     Type
		None               void
 Registers used:
		wreg, status,2, status,0, pclath, cstack
 Tracked objects:
		On entry : 
		On exit  : 
		Unchanged: 
 Data sizes:     COMMON   BANK0   BANK1
      Params:         0       0       0
      Locals:         0       0       0
      Temps:          0       0       0
      Totals:         0       0       0
Total ram usage:        0 bytes
 Hardware stack levels used:    1
 Hardware stack levels required when called:    1
 This function calls:
		_TMR1_CallBack
 This function is called by:
		_INTERRUPT_InterruptManager
 This function uses a non-reentrant model


 *************** function _TMR1_CallBack *****************
 Defined at:
		line 155 in file "mcc_generated_files/tmr1.c"
 Parameters:    Size  Location     Type
		None
 Auto vars:     Size  Location     Type
		None
 Return value:  Size  Location     Type
		None               void
 Registers used:
		None
 Tracked objects:
		On entry : 
		On exit  : 
		Unchanged: 
 Data sizes:     COMMON   BANK0   BANK1
      Params:         0       0       0
      Locals:         0       0       0
      Temps:          0       0       0
      Totals:         0       0       0
Total ram usage:        0 bytes
 Hardware stack levels used:    1
 This function calls:
		Nothing
 This function is called by:
		_TMR1_ISR
 This function uses a non-reentrant model


 *************** function _TMR0_ISR *****************
 Defined at:
		line 101 in file "mcc_generated_files/tmr0.c"
 Parameters:    Size  Location     Type
		None
 Auto vars:     Size  Location     Type
		None
 Return value:  Size  Location     Type
		None               void
 Registers used:
		wreg, status,2, status,0, pclath, cstack
 Tracked objects:
		On entry : 
		On exit  : 
		Unchanged: 
 Data sizes:     COMMON   BANK0   BANK1
      Params:         0       0       0
      Locals:         0       0       0
      Temps:          0       0       0
      Totals:         0       0       0
Total ram usage:        0 bytes
 Hardware stack levels used:    1
 Hardware stack levels required when called:    1
 This function calls:
		_TMR0_CallBack
 This function is called by:
		_INTERRUPT_InterruptManager
 This function uses a non-reentrant model


 *************** function _TMR0_CallBack *****************
 Defined at:
		line 115 in file "mcc_generated_files/tmr0.c"
 Parameters:    Size  Location     Type
		None
 Auto vars:     Size  Location     Type
		None
 Return value:  Size  Location     Type
		None               void
 Registers used:
		None
 Tracked objects:
		On entry : 
		On exit  : 
		Unchanged: 
 Data sizes:     COMMON   BANK0   BANK1
      Params:         0       0       0
      Locals:         0       0       0
      Temps:          0       0       0
      Totals:         0       0       0
Total ram usage:        0 bytes
 Hardware stack levels used:    1
 This function calls:
		Nothing
 This function is called by:
		_TMR0_ISR
 This function uses a non-reentrant model



MODULE INFORMATION

Module		Function		Class		Link	Load	Size
mcc_generated_files/interrupt_manager.c
		_INTERRUPT_InterruptManager		CODE           	0004	0000	28

mcc_generated_files/interrupt_manager.c estimated size: 28

mcc_generated_files/tmr0.c
		_TMR0_CallBack 		CODE           	04E8	0000	2
		_TMR0_ISR      		CODE           	04D4	0000	7
		_TMR0_Initialize		CODE           	04A8	0000	16

mcc_generated_files/tmr0.c estimated size: 25

mcc_generated_files/pin_manager.c
		_PIN_MANAGER_Initialize		CODE           	047F	0000	25

mcc_generated_files/pin_manager.c estimated size: 25

mcc_generated_files/adc.c
		_ADC_Initialize		CODE           	04B7	0000	10
		_ADC_GetConversion		CODE           	0465	0000	27

mcc_generated_files/adc.c estimated size: 37

drv_74hc595/drv_74hc595.c
		_GetStringReverse		CODE           	0329	0000	63
		_Display_put   		CODE           	039C	0000	54
		_Display_value 		CODE           	01C4	0000	101

drv_74hc595/drv_74hc595.c estimated size: 218

C:\Program Files (x86)\Microchip\xc8\v1.35\sources\common\lwmod.c
		___lwmod       		CODE           	03D1	0000	45

C:\Program Files (x86)\Microchip\xc8\v1.35\sources\common\lwmod.c estimated size: 45

water_level_display/water_level_display.c
		_WaterLevelDisplay_StateMachine		CODE           	0284	0000	86

water_level_display/water_level_display.c estimated size: 86

shared
		_WaterLevelLookup		STRCODE        	0029	0000	401
		__initialization		CODE           	0020	0000	7
		Display_put@display_segment		STRCODE        	01B9	0000	12

shared estimated size: 420

mcc_generated_files/mcc.c
		_OSCILLATOR_Initialize		CODE           	04DF	0000	6
		_SYSTEM_Initialize		CODE           	04CE	0000	7

mcc_generated_files/mcc.c estimated size: 13

mcc_generated_files/tmr1.c
		_TMR1_Initialize		CODE           	0497	0000	18
		_TMR1_CallBack 		CODE           	04E7	0000	2
		_TMR1_StartTimer		CODE           	04E4	0000	4
		_TMR1_ISR      		CODE           	04C0	0000	9

mcc_generated_files/tmr1.c estimated size: 33

water_level_display/water_level_conversion.c
		_ReadWaterLevel		CODE           	02D9	0000	81
		_WaterLevel_Lookup		CODE           	03FD	0000	43

water_level_display/water_level_conversion.c estimated size: 124

C:\Program Files (x86)\Microchip\xc8\v1.35\sources\common\itoa.c
		_itoa          		CODE           	0427	0000	36
		_utoa          		CODE           	0228	0000	93

C:\Program Files (x86)\Microchip\xc8\v1.35\sources\common\itoa.c estimated size: 129

C:\Program Files (x86)\Microchip\xc8\v1.35\sources\common\lwdiv.c
		___lwdiv       		CODE           	0367	0000	54

C:\Program Files (x86)\Microchip\xc8\v1.35\sources\common\lwdiv.c estimated size: 54

C:\Program Files (x86)\Microchip\xc8\v1.35\sources\common\Umul16.c
		___wmul        		CODE           	044A	0000	28

C:\Program Files (x86)\Microchip\xc8\v1.35\sources\common\Umul16.c estimated size: 28

main.c
		_main          		CODE           	04DA	0000	6

main.c estimated size: 6

